Command: docker exec retrieval-round-fbe2661e7c python scripts/compare_retrieval.py --zip /fixtures/documents.zip --report /tmp/compare/retrieval.json
original-1-core {'baseline': 1, 'floor_050': 1, 'window_008': 1, 'window_005': 1, 'short_source_penalty': 1, 'body_source_rerank': 1}
original-1-all {'baseline': 1, 'floor_050': 1, 'window_008': 1, 'window_005': 1, 'short_source_penalty': 1, 'body_source_rerank': 1}
original-2-core {'baseline': 1, 'floor_050': 1, 'window_008': 1, 'window_005': 1, 'short_source_penalty': 1, 'body_source_rerank': 1}
original-2-all {'baseline': 1, 'floor_050': 1, 'window_008': 1, 'window_005': 1, 'short_source_penalty': 1, 'body_source_rerank': 1}
original-3-core {'baseline': 2, 'floor_050': 2, 'window_008': 2, 'window_005': 2, 'short_source_penalty': 2, 'body_source_rerank': 2}
original-3-all {'baseline': 2, 'floor_050': 2, 'window_008': 2, 'window_005': 2, 'short_source_penalty': 2, 'body_source_rerank': 2}
original-4-core {'baseline': 1, 'floor_050': 1, 'window_008': 1, 'window_005': 1, 'short_source_penalty': 1, 'body_source_rerank': 1}
original-4-all {'baseline': 1, 'floor_050': 1, 'window_008': 1, 'window_005': 1, 'short_source_penalty': 1, 'body_source_rerank': 1}
original-5-core {'baseline': 1, 'floor_050': 1, 'window_008': 1, 'window_005': 1, 'short_source_penalty': 1, 'body_source_rerank': 1}
original-5-all {'baseline': 1, 'floor_050': 1, 'window_008': 1, 'window_005': 1, 'short_source_penalty': 1, 'body_source_rerank': 1}
synonym-1 {'baseline': 1, 'floor_050': 1, 'window_008': 1, 'window_005': 1, 'short_source_penalty': 1, 'body_source_rerank': 1}
synonym-2 {'baseline': 1, 'floor_050': 1, 'window_008': 1, 'window_005': 1, 'short_source_penalty': 1, 'body_source_rerank': 1}
synonym-3 {'baseline': 1, 'floor_050': 1, 'window_008': 1, 'window_005': 1, 'short_source_penalty': 1, 'body_source_rerank': 1}
synonym-4 {'baseline': 1, 'floor_050': 1, 'window_008': 1, 'window_005': 1, 'short_source_penalty': 1, 'body_source_rerank': 1}
synonym-5 {'baseline': 2, 'floor_050': 2, 'window_008': 2, 'window_005': 2, 'short_source_penalty': 2, 'body_source_rerank': 2}
device-1 {'baseline': 1, 'floor_050': 1, 'window_008': 1, 'window_005': 1, 'short_source_penalty': 1, 'body_source_rerank': 1}
device-2 {'baseline': 1, 'floor_050': 1, 'window_008': 1, 'window_005': 1, 'short_source_penalty': 1, 'body_source_rerank': 1}
device-3 {'baseline': 1, 'floor_050': 1, 'window_008': 1, 'window_005': 1, 'short_source_penalty': 1, 'body_source_rerank': 1}
device-4 {'baseline': 1, 'floor_050': 1, 'window_008': 1, 'window_005': 1, 'short_source_penalty': 1, 'body_source_rerank': 1}
meeting-1 {'baseline': 1, 'floor_050': 1, 'window_008': 1, 'window_005': 1, 'short_source_penalty': 1, 'body_source_rerank': 1}
meeting-2 {'baseline': 1, 'floor_050': 1, 'window_008': 1, 'window_005': 1, 'short_source_penalty': 1, 'body_source_rerank': 1}
meeting-3 {'baseline': 1, 'floor_050': 1, 'window_008': 1, 'window_005': 1, 'short_source_penalty': 1, 'body_source_rerank': 1}
meeting-4 {'baseline': 1, 'floor_050': 1, 'window_008': 1, 'window_005': 1, 'short_source_penalty': 1, 'body_source_rerank': 1}
expense-1 {'baseline': 1, 'floor_050': 1, 'window_008': 1, 'window_005': 1, 'short_source_penalty': 1, 'body_source_rerank': 1}
expense-2 {'baseline': 1, 'floor_050': 1, 'window_008': 1, 'window_005': 1, 'short_source_penalty': 1, 'body_source_rerank': 1}
expense-3 {'baseline': 2, 'floor_050': None, 'window_008': 2, 'window_005': 2, 'short_source_penalty': 2, 'body_source_rerank': 2}
expense-4 {'baseline': 1, 'floor_050': 1, 'window_008': 1, 'window_005': 1, 'short_source_penalty': 1, 'body_source_rerank': 1}
room-1 {'baseline': 1, 'floor_050': 1, 'window_008': 1, 'window_005': 1, 'short_source_penalty': 1, 'body_source_rerank': 1}
room-2 {'baseline': 1, 'floor_050': 1, 'window_008': 1, 'window_005': 1, 'short_source_penalty': 1, 'body_source_rerank': 1}
room-3 {'baseline': 1, 'floor_050': 1, 'window_008': 1, 'window_005': 1, 'short_source_penalty': 1, 'body_source_rerank': 1}
room-4 {'baseline': 1, 'floor_050': 1, 'window_008': 1, 'window_005': 1, 'short_source_penalty': 1, 'body_source_rerank': 1}
negative-1 {'baseline': None, 'floor_050': None, 'window_008': None, 'window_005': None, 'short_source_penalty': None, 'body_source_rerank': None}
negative-2 {'baseline': None, 'floor_050': None, 'window_008': None, 'window_005': None, 'short_source_penalty': None, 'body_source_rerank': None}
negative-3 {'baseline': None, 'floor_050': None, 'window_008': None, 'window_005': None, 'short_source_penalty': None, 'body_source_rerank': None}
negative-4 {'baseline': None, 'floor_050': None, 'window_008': None, 'window_005': None, 'short_source_penalty': None, 'body_source_rerank': None}
negative-5 {'baseline': None, 'floor_050': None, 'window_008': None, 'window_005': None, 'short_source_penalty': None, 'body_source_rerank': None}
negative-6 {'baseline': None, 'floor_050': None, 'window_008': None, 'window_005': None, 'short_source_penalty': None, 'body_source_rerank': None}
negative-7 {'baseline': None, 'floor_050': None, 'window_008': None, 'window_005': None, 'short_source_penalty': None, 'body_source_rerank': None}
negative-8 {'baseline': None, 'floor_050': None, 'window_008': None, 'window_005': None, 'short_source_penalty': None, 'body_source_rerank': None}
{"seconds": 13.6, "failure": null, "summary": {"baseline": {"development": {"positives": 13, "targetsFound": 13, "targetLostFromBaseline": [], "originalTop3Misses": [], "irrelevantCount": 20, "negativeNonempty": [], "newNegativeNonempty": [], "firstSourceGradeSum": 16, "sourceGradeRegressions": []}, "holdout": {"positives": 18, "targetsFound": 18, "targetLostFromBaseline": [], "originalTop3Misses": [], "irrelevantCount": 44, "negativeNonempty": [], "newNegativeNonempty": [], "firstSourceGradeSum": 24, "sourceGradeRegressions": []}, "all": {"positives": 31, "targetsFound": 31, "targetLostFromBaseline": [], "originalTop3Misses": [], "irrelevantCount": 64, "negativeNonempty": [], "newNegativeNonempty": [], "firstSourceGradeSum": 40, "sourceGradeRegressions": []}}, "floor_050": {"development": {"positives": 13, "targetsFound": 13, "targetLostFromBaseline": [], "originalTop3Misses": [], "irrelevantCount": 17, "negativeNonempty": [], "newNegativeNonempty": [], "firstSourceGradeSum": 16, "sourceGradeRegressions": []}, "holdout": {"positives": 18, "targetsFound": 17, "targetLostFromBaseline": ["expense-3"], "originalTop3Misses": [], "irrelevantCount": 38, "negativeNonempty": [], "newNegativeNonempty": [], "firstSourceGradeSum": 22, "sourceGradeRegressions": ["expense-3"]}, "all": {"positives": 31, "targetsFound": 30, "targetLostFromBaseline": ["expense-3"], "originalTop3Misses": [], "irrelevantCount": 55, "negativeNonempty": [], "newNegativeNonempty": [], "firstSourceGradeSum": 38, "sourceGradeRegressions": ["expense-3"]}}, "window_008": {"development": {"positives": 13, "targetsFound": 13, "targetLostFromBaseline": [], "originalTop3Misses": [], "irrelevantCount": 15, "negativeNonempty": [], "newNegativeNonempty": [], "firstSourceGradeSum": 16, "sourceGradeRegressions": []}, "holdout": {"positives": 18, "targetsFound": 18, "targetLostFromBaseline": [], "originalTop3Misses": [], "irrelevantCount": 25, "negativeNonempty": [], "newNegativeNonempty": [], "firstSourceGradeSum": 24, "sourceGradeRegressions": []}, "all": {"positives": 31, "targetsFound": 31, "targetLostFromBaseline": [], "originalTop3Misses": [], "irrelevantCount": 40, "negativeNonempty": [], "newNegativeNonempty": [], "firstSourceGradeSum": 40, "sourceGradeRegressions": []}}, "window_005": {"development": {"positives": 13, "targetsFound": 13, "targetLostFromBaseline": [], "originalTop3Misses": [], "irrelevantCount": 7, "negativeNonempty": [], "newNegativeNonempty": [], "firstSourceGradeSum": 16, "sourceGradeRegressions": []}, "holdout": {"positives": 18, "targetsFound": 18, "targetLostFromBaseline": [], "originalTop3Misses": [], "irrelevantCount": 15, "negativeNonempty": [], "newNegativeNonempty": [], "firstSourceGradeSum": 24, "sourceGradeRegressions": []}, "all": {"positives": 31, "targetsFound": 31, "targetLostFromBaseline": [], "originalTop3Misses": [], "irrelevantCount": 22, "negativeNonempty": [], "newNegativeNonempty": [], "firstSourceGradeSum": 40, "sourceGradeRegressions": []}}, "short_source_penalty": {"development": {"positives": 13, "targetsFound": 13, "targetLostFromBaseline": [], "originalTop3Misses": [], "irrelevantCount": 20, "negativeNonempty": [], "newNegativeNonempty": [], "firstSourceGradeSum": 19, "sourceGradeRegressions": []}, "holdout": {"positives": 18, "targetsFound": 18, "targetLostFromBaseline": [], "originalTop3Misses": [], "irrelevantCount": 44, "negativeNonempty": [], "newNegativeNonempty": [], "firstSourceGradeSum": 25, "sourceGradeRegressions": ["room-3"]}, "all": {"positives": 31, "targetsFound": 31, "targetLostFromBaseline": [], "originalTop3Misses": [], "irrelevantCount": 64, "negativeNonempty": [], "newNegativeNonempty": [], "firstSourceGradeSum": 44, "sourceGradeRegressions": ["room-3"]}}, "body_source_rerank": {"development": {"positives": 13, "targetsFound": 13, "targetLostFromBaseline": [], "originalTop3Misses": [], "irrelevantCount": 20, "negativeNonempty": [], "newNegativeNonempty": [], "firstSourceGradeSum": 12, "sourceGradeRegressions": ["original-1-core", "original-5-core", "device-1", "device-2"]}, "holdout": {"positives": 18, "targetsFound": 18, "targetLostFromBaseline": [], "originalTop3Misses": [], "irrelevantCount": 44, "negativeNonempty": [], "newNegativeNonempty": [], "firstSourceGradeSum": 22, "sourceGradeRegressions": ["original-1-all", "original-5-all", "synonym-1", "synonym-5", "room-3"]}, "all": {"positives": 31, "targetsFound": 31, "targetLostFromBaseline": [], "originalTop3Misses": [], "irrelevantCount": 64, "negativeNonempty": [], "newNegativeNonempty": [], "firstSourceGradeSum": 34, "sourceGradeRegressions": ["original-1-core", "original-1-all", "original-5-core", "original-5-all", "synonym-1", "synonym-5", "device-1", "device-2", "room-3"]}}}}

Exit code: 0