 Image knowledge-platform-app Building 
#1 [internal] load local bake definitions
#1 reading from stdin 641B 0.0s done
#1 DONE 0.0s

#2 [internal] load build definition from Dockerfile
#2 transferring dockerfile: 1.52kB done
#2 DONE 0.0s

#3 [internal] load metadata for docker.io/library/python:3.12.14-slim-bookworm@sha256:392307d22300de8b5986851a12d9176dfc0fc073e65bf6523ebd7dcbeb23564e
#3 ...

#4 [auth] library/node:pull token for registry-1.docker.io
#4 DONE 0.0s

#5 [auth] library/python:pull token for registry-1.docker.io
#5 DONE 0.0s

#6 [internal] load metadata for docker.io/library/node:24.19.0-bookworm-slim@sha256:a9f5f7c91a432850b2a8a7797adf5eadb6c733ceed61167806cee7ea7fbc29df
#6 ...

#7 [auth] library/python:pull token for registry-1.docker.io
#7 DONE 0.0s

#8 [auth] library/node:pull token for registry-1.docker.io
#8 DONE 0.0s

#3 [internal] load metadata for docker.io/library/python:3.12.14-slim-bookworm@sha256:392307d22300de8b5986851a12d9176dfc0fc073e65bf6523ebd7dcbeb23564e
#3 DONE 43.7s

#6 [internal] load metadata for docker.io/library/node:24.19.0-bookworm-slim@sha256:a9f5f7c91a432850b2a8a7797adf5eadb6c733ceed61167806cee7ea7fbc29df
#6 DONE 43.7s

#9 [internal] load .dockerignore
#9 transferring context: 134B done
#9 DONE 0.0s

#10 [internal] load build context
#10 DONE 0.0s

#11 [auth] library/python:pull token for registry-1.docker.io
#11 DONE 0.0s

#12 [auth] library/node:pull token for registry-1.docker.io
#12 DONE 0.0s

#13 [stage-1  1/11] FROM docker.io/library/python:3.12.14-slim-bookworm@sha256:392307d22300de8b5986851a12d9176dfc0fc073e65bf6523ebd7dcbeb23564e
#13 resolve docker.io/library/python:3.12.14-slim-bookworm@sha256:392307d22300de8b5986851a12d9176dfc0fc073e65bf6523ebd7dcbeb23564e
#13 ...

#14 [frontend 1/7] FROM docker.io/library/node:24.19.0-bookworm-slim@sha256:a9f5f7c91a432850b2a8a7797adf5eadb6c733ceed61167806cee7ea7fbc29df
#14 resolve docker.io/library/node:24.19.0-bookworm-slim@sha256:a9f5f7c91a432850b2a8a7797adf5eadb6c733ceed61167806cee7ea7fbc29df
#14 ...

#15 [auth] library/node:pull token for registry-1.docker.io
#15 DONE 0.0s

#16 [auth] library/python:pull token for registry-1.docker.io
#16 DONE 0.0s

#14 [frontend 1/7] FROM docker.io/library/node:24.19.0-bookworm-slim@sha256:a9f5f7c91a432850b2a8a7797adf5eadb6c733ceed61167806cee7ea7fbc29df
#14 resolve docker.io/library/node:24.19.0-bookworm-slim@sha256:a9f5f7c91a432850b2a8a7797adf5eadb6c733ceed61167806cee7ea7fbc29df 42.7s done
#14 DONE 42.7s

#13 [stage-1  1/11] FROM docker.io/library/python:3.12.14-slim-bookworm@sha256:392307d22300de8b5986851a12d9176dfc0fc073e65bf6523ebd7dcbeb23564e
#13 resolve docker.io/library/python:3.12.14-slim-bookworm@sha256:392307d22300de8b5986851a12d9176dfc0fc073e65bf6523ebd7dcbeb23564e 42.7s done
#13 DONE 42.7s

#10 [internal] load build context
#10 transferring context: 114.28kB 0.0s done
#10 DONE 0.0s

#17 [frontend 4/7] COPY frontend/package.json frontend/package-lock.json ./
#17 CACHED

#18 [frontend 3/7] RUN npm install --global npm@11.6.2
#18 CACHED

#19 [frontend 2/7] WORKDIR /frontend
#19 CACHED

#20 [frontend 5/7] RUN npm ci
#20 CACHED

#21 [stage-1  5/11] COPY model-spec.json ./
#21 CACHED

#22 [stage-1  3/11] COPY requirements.txt requirements.lock.txt ./
#22 CACHED

#23 [stage-1  6/11] COPY scripts/download_model.py scripts/utf8_logs.py ./scripts/
#23 CACHED

#24 [stage-1  4/11] RUN pip install --no-cache-dir torch==2.9.0 --index-url https://download.pytorch.org/whl/cpu     && pip install --no-cache-dir -r requirements.txt -c requirements.lock.txt
#24 CACHED

#25 [stage-1  2/11] WORKDIR /app
#25 CACHED

#26 [stage-1  7/11] RUN python scripts/download_model.py --destination /opt/models/bge
#26 CACHED

#27 [frontend 6/7] COPY frontend/ ./
#27 DONE 0.0s

#28 [stage-1  8/11] COPY app/ ./app/
#28 DONE 0.0s

#29 [stage-1  9/11] COPY scripts/ ./scripts/
#29 DONE 0.0s

#30 [frontend 7/7] RUN npm run build
#30 0.370 
#30 0.370 > knowledge-platform-m1@0.1.0 build
#30 0.370 > tsc --noEmit && vite build
#30 0.370 
#30 1.407 vite v7.3.7 building client environment for production...
#30 1.465 transforming...
#30 2.405 ✓ 30 modules transformed.
#30 2.487 rendering chunks...
#30 2.493 computing gzip size...
#30 2.499 dist/index.html                   0.36 kB │ gzip:  0.29 kB
#30 2.499 dist/assets/index-D8KlFT1d.css   15.85 kB │ gzip:  3.97 kB
#30 2.499 dist/assets/index-BdynQb7T.js   231.38 kB │ gzip: 72.82 kB
#30 2.500 ✓ built in 1.07s
#30 DONE 2.5s

#31 [stage-1 10/11] COPY --from=frontend /frontend/dist ./frontend/dist/
#31 DONE 0.0s

#32 [stage-1 11/11] RUN useradd --uid 10001 --create-home appuser     && mkdir -p /data/db /data/uploads /data/tmp /data/quarantine     && chown -R appuser:appuser /data
#32 DONE 0.2s

#33 exporting to image
#33 exporting layers 0.1s done
#33 exporting manifest sha256:1b23fe3d5f36da058df3a008c65bd3c7d626cb3790c6c4c0857896d3bc26be5b done
#33 exporting config sha256:ba24efe5e61614fd032cd7a3eb2eafde983cfbef01d58d9b20c8dcd1b1ad2216
#33 exporting config sha256:ba24efe5e61614fd032cd7a3eb2eafde983cfbef01d58d9b20c8dcd1b1ad2216 done
#33 exporting attestation manifest sha256:9a624aae1bdaf7c606a020c1d07c1d8a7e3d631339cba7d2fe1bedf3c4c34056 done
#33 exporting manifest list sha256:389910900545f36062911de9a8035cafc94238aa2bf5bfe1e2de59dedeef8396 done
#33 naming to docker.io/library/knowledge-platform-app:latest done
#33 unpacking to docker.io/library/knowledge-platform-app:latest 0.1s done
#33 DONE 0.2s

#34 resolving provenance for metadata file
#34 DONE 0.0s
 Image knowledge-platform-app Built 
