 Image knowledge-platform-app Building 
#1 [internal] load local bake definitions
#1 reading from stdin 641B 0.0s done
#1 DONE 0.0s

#2 [internal] load build definition from Dockerfile
#2 transferring dockerfile: 1.52kB done
#2 DONE 0.0s

#3 [auth] library/node:pull token for registry-1.docker.io
#3 DONE 0.0s

#4 [auth] library/python:pull token for registry-1.docker.io
#4 DONE 0.0s

#5 [internal] load metadata for docker.io/library/node:24.19.0-bookworm-slim@sha256:a9f5f7c91a432850b2a8a7797adf5eadb6c733ceed61167806cee7ea7fbc29df
#5 ...

#6 [internal] load metadata for docker.io/library/python:3.12.14-slim-bookworm@sha256:392307d22300de8b5986851a12d9176dfc0fc073e65bf6523ebd7dcbeb23564e
#6 ...

#7 [auth] library/node:pull token for registry-1.docker.io
#7 DONE 0.0s

#8 [auth] library/python:pull token for registry-1.docker.io
#8 DONE 0.0s

#5 [internal] load metadata for docker.io/library/node:24.19.0-bookworm-slim@sha256:a9f5f7c91a432850b2a8a7797adf5eadb6c733ceed61167806cee7ea7fbc29df
#5 ...

#6 [internal] load metadata for docker.io/library/python:3.12.14-slim-bookworm@sha256:392307d22300de8b5986851a12d9176dfc0fc073e65bf6523ebd7dcbeb23564e
#6 DONE 42.8s

#5 [internal] load metadata for docker.io/library/node:24.19.0-bookworm-slim@sha256:a9f5f7c91a432850b2a8a7797adf5eadb6c733ceed61167806cee7ea7fbc29df
#5 DONE 42.8s

#9 [internal] load .dockerignore
#9 transferring context: 134B done
#9 DONE 0.0s

#10 [internal] load build context
#10 DONE 0.0s

#11 [auth] library/node:pull token for registry-1.docker.io
#11 DONE 0.0s

#12 [auth] library/python:pull token for registry-1.docker.io
#12 DONE 0.0s

#13 [stage-1  1/11] FROM docker.io/library/python:3.12.14-slim-bookworm@sha256:392307d22300de8b5986851a12d9176dfc0fc073e65bf6523ebd7dcbeb23564e
#13 resolve docker.io/library/python:3.12.14-slim-bookworm@sha256:392307d22300de8b5986851a12d9176dfc0fc073e65bf6523ebd7dcbeb23564e
#13 ...

#14 [frontend 1/7] FROM docker.io/library/node:24.19.0-bookworm-slim@sha256:a9f5f7c91a432850b2a8a7797adf5eadb6c733ceed61167806cee7ea7fbc29df
#14 resolve docker.io/library/node:24.19.0-bookworm-slim@sha256:a9f5f7c91a432850b2a8a7797adf5eadb6c733ceed61167806cee7ea7fbc29df
#14 ...

#15 [auth] library/python:pull token for registry-1.docker.io
#15 DONE 0.0s

#16 [auth] library/node:pull token for registry-1.docker.io
#16 DONE 0.0s

#14 [frontend 1/7] FROM docker.io/library/node:24.19.0-bookworm-slim@sha256:a9f5f7c91a432850b2a8a7797adf5eadb6c733ceed61167806cee7ea7fbc29df
#14 ...

#13 [stage-1  1/11] FROM docker.io/library/python:3.12.14-slim-bookworm@sha256:392307d22300de8b5986851a12d9176dfc0fc073e65bf6523ebd7dcbeb23564e
#13 resolve docker.io/library/python:3.12.14-slim-bookworm@sha256:392307d22300de8b5986851a12d9176dfc0fc073e65bf6523ebd7dcbeb23564e 42.8s done
#13 DONE 42.8s

#14 [frontend 1/7] FROM docker.io/library/node:24.19.0-bookworm-slim@sha256:a9f5f7c91a432850b2a8a7797adf5eadb6c733ceed61167806cee7ea7fbc29df
#14 resolve docker.io/library/node:24.19.0-bookworm-slim@sha256:a9f5f7c91a432850b2a8a7797adf5eadb6c733ceed61167806cee7ea7fbc29df 42.8s done
#14 DONE 42.8s

#10 [internal] load build context
#10 transferring context: 38.52kB 0.0s done
#10 DONE 0.0s

#17 [frontend 2/7] WORKDIR /frontend
#17 CACHED

#18 [frontend 3/7] RUN npm install --global npm@11.6.2
#18 CACHED

#19 [frontend 4/7] COPY frontend/package.json frontend/package-lock.json ./
#19 CACHED

#20 [frontend 5/7] RUN npm ci
#20 CACHED

#21 [frontend 6/7] COPY frontend/ ./
#21 DONE 0.0s

#22 [frontend 7/7] RUN npm run build
#22 0.420 
#22 0.420 > knowledge-platform-m1@0.1.0 build
#22 0.420 > tsc --noEmit && vite build
#22 0.420 
#22 1.748 vite v7.3.7 building client environment for production...
#22 1.818 transforming...
#22 2.968 ✓ 29 modules transformed.
#22 3.063 rendering chunks...
#22 3.071 computing gzip size...
#22 3.079 dist/index.html                   0.36 kB │ gzip:  0.29 kB
#22 3.079 dist/assets/index-U9ymxnpO.css   12.94 kB │ gzip:  3.47 kB
#22 3.079 dist/assets/index-DdpbQ4_u.js   221.99 kB │ gzip: 70.12 kB
#22 3.079 ✓ built in 1.31s
#22 DONE 3.1s

#23 [stage-1  4/11] RUN pip install --no-cache-dir torch==2.9.0 --index-url https://download.pytorch.org/whl/cpu     && pip install --no-cache-dir -r requirements.txt -c requirements.lock.txt
#23 CACHED

#24 [stage-1  6/11] COPY scripts/download_model.py scripts/utf8_logs.py ./scripts/
#24 CACHED

#25 [stage-1  8/11] COPY app/ ./app/
#25 CACHED

#26 [stage-1  2/11] WORKDIR /app
#26 CACHED

#27 [stage-1  3/11] COPY requirements.txt requirements.lock.txt ./
#27 CACHED

#28 [stage-1  5/11] COPY model-spec.json ./
#28 CACHED

#29 [stage-1  7/11] RUN python scripts/download_model.py --destination /opt/models/bge
#29 CACHED

#30 [stage-1  9/11] COPY scripts/ ./scripts/
#30 CACHED

#31 [stage-1 10/11] COPY --from=frontend /frontend/dist ./frontend/dist/
#31 DONE 0.0s

#32 [stage-1 11/11] RUN useradd --uid 10001 --create-home appuser     && mkdir -p /data/db /data/uploads /data/tmp /data/quarantine     && chown -R appuser:appuser /data
#32 DONE 0.3s

#33 exporting to image
#33 exporting layers 0.1s done
#33 exporting manifest sha256:001bd6b2eb32bfe762f95eaf1d56ae0d2f79e0b7a7c4048eb881c709fa65a155 0.0s done
#33 exporting config sha256:1ba542999e7750de95338d41bb6adabb9e82c50c35885f09a528cff0ab57faf0 done
#33 exporting attestation manifest sha256:4b49618b19d391a072f9e75eca902681256b1981a8cd50a0dfd91550b1c64a7b 0.0s done
#33 exporting manifest list sha256:37ea7b4ba130b6e9a4e22bb16ccbf828661c69c0b50b854d9d0f187f39de1628 0.0s done
#33 naming to docker.io/library/knowledge-platform-app:latest done
#33 unpacking to docker.io/library/knowledge-platform-app:latest 0.0s done
#33 DONE 0.2s

#34 resolving provenance for metadata file
#34 DONE 0.0s
 Image knowledge-platform-app Built 
