 Image knowledge-platform-app Building 
#1 [internal] load local bake definitions
#1 reading from stdin 641B 0.0s done
#1 DONE 0.0s

#2 [internal] load build definition from Dockerfile
#2 transferring dockerfile: 1.52kB done
#2 DONE 0.0s

#3 [internal] load metadata for docker.io/library/python:3.12.14-slim-bookworm@sha256:392307d22300de8b5986851a12d9176dfc0fc073e65bf6523ebd7dcbeb23564e
#3 ...

#4 [auth] library/python:pull token for registry-1.docker.io
#4 DONE 0.0s

#5 [auth] library/node:pull token for registry-1.docker.io
#5 DONE 0.0s

#6 [internal] load metadata for docker.io/library/node:24.19.0-bookworm-slim@sha256:a9f5f7c91a432850b2a8a7797adf5eadb6c733ceed61167806cee7ea7fbc29df
#6 ...

#7 [auth] library/node:pull token for registry-1.docker.io
#7 DONE 0.0s

#8 [auth] library/python:pull token for registry-1.docker.io
#8 DONE 0.0s

#3 [internal] load metadata for docker.io/library/python:3.12.14-slim-bookworm@sha256:392307d22300de8b5986851a12d9176dfc0fc073e65bf6523ebd7dcbeb23564e
#3 ...

#6 [internal] load metadata for docker.io/library/node:24.19.0-bookworm-slim@sha256:a9f5f7c91a432850b2a8a7797adf5eadb6c733ceed61167806cee7ea7fbc29df
#6 DONE 43.7s

#3 [internal] load metadata for docker.io/library/python:3.12.14-slim-bookworm@sha256:392307d22300de8b5986851a12d9176dfc0fc073e65bf6523ebd7dcbeb23564e
#3 DONE 43.7s

#9 [internal] load .dockerignore
#9 transferring context: 134B done
#9 DONE 0.0s

#10 [internal] load build context
#10 DONE 0.0s

#11 [auth] library/node:pull token for registry-1.docker.io
#11 DONE 0.0s

#12 [auth] library/python:pull token for registry-1.docker.io
#12 DONE 0.0s

#13 [stage-1  1/11] FROM docker.io/library/python:3.12.14-slim-bookworm@sha256:392307d22300de8b5986851a12d9176dfc0fc073e65bf6523ebd7dcbeb23564e
#13 resolve docker.io/library/python:3.12.14-slim-bookworm@sha256:392307d22300de8b5986851a12d9176dfc0fc073e65bf6523ebd7dcbeb23564e
#13 ...

#14 [frontend 1/7] FROM docker.io/library/node:24.19.0-bookworm-slim@sha256:a9f5f7c91a432850b2a8a7797adf5eadb6c733ceed61167806cee7ea7fbc29df
#14 resolve docker.io/library/node:24.19.0-bookworm-slim@sha256:a9f5f7c91a432850b2a8a7797adf5eadb6c733ceed61167806cee7ea7fbc29df
#14 ...

#15 [auth] library/node:pull token for registry-1.docker.io
#15 DONE 0.0s

#16 [auth] library/python:pull token for registry-1.docker.io
#16 DONE 0.0s

#14 [frontend 1/7] FROM docker.io/library/node:24.19.0-bookworm-slim@sha256:a9f5f7c91a432850b2a8a7797adf5eadb6c733ceed61167806cee7ea7fbc29df
#14 resolve docker.io/library/node:24.19.0-bookworm-slim@sha256:a9f5f7c91a432850b2a8a7797adf5eadb6c733ceed61167806cee7ea7fbc29df 42.7s done
#14 DONE 42.7s

#13 [stage-1  1/11] FROM docker.io/library/python:3.12.14-slim-bookworm@sha256:392307d22300de8b5986851a12d9176dfc0fc073e65bf6523ebd7dcbeb23564e
#13 resolve docker.io/library/python:3.12.14-slim-bookworm@sha256:392307d22300de8b5986851a12d9176dfc0fc073e65bf6523ebd7dcbeb23564e 42.7s done
#13 DONE 42.7s

#10 [internal] load build context
#10 transferring context: 228.28kB 0.0s done
#10 DONE 0.0s

#17 [frontend 2/7] WORKDIR /frontend
#17 CACHED

#18 [frontend 3/7] RUN npm install --global npm@11.6.2
#18 CACHED

#19 [stage-1  5/11] COPY model-spec.json ./
#19 CACHED

#20 [stage-1  6/11] COPY scripts/download_model.py scripts/utf8_logs.py ./scripts/
#20 CACHED

#21 [stage-1  4/11] RUN pip install --no-cache-dir torch==2.9.0 --index-url https://download.pytorch.org/whl/cpu     && pip install --no-cache-dir -r requirements.txt -c requirements.lock.txt
#21 CACHED

#22 [stage-1  3/11] COPY requirements.txt requirements.lock.txt ./
#22 CACHED

#23 [stage-1  2/11] WORKDIR /app
#23 CACHED

#24 [stage-1  7/11] RUN python scripts/download_model.py --destination /opt/models/bge
#24 CACHED

#25 [frontend 4/7] COPY frontend/package.json frontend/package-lock.json ./
#25 DONE 0.0s

#26 [stage-1  8/11] COPY app/ ./app/
#26 DONE 0.0s

#27 [stage-1  9/11] COPY scripts/ ./scripts/
#27 DONE 0.0s

#28 [frontend 5/7] RUN npm ci
#28 4.277 
#28 4.277 added 22 packages, and audited 23 packages in 4s
#28 4.277 
#28 4.277 5 packages are looking for funding
#28 4.277   run `npm fund` for details
#28 4.278 
#28 4.278 found 0 vulnerabilities
#28 4.280 npm notice
#28 4.280 npm notice New major version of npm available! 11.6.2 -> 12.2.0
#28 4.280 npm notice Changelog: https://github.com/npm/cli/releases/tag/v12.2.0
#28 4.280 npm notice To update run: npm install -g npm@12.2.0
#28 4.280 npm notice
#28 DONE 4.3s

#29 [frontend 6/7] COPY frontend/ ./
#29 DONE 0.0s

#30 [frontend 7/7] RUN npm run build
#30 0.294 
#30 0.294 > knowledge-platform-m1@0.1.0 build
#30 0.294 > tsc --noEmit && vite build
#30 0.294 
#30 1.446 vite v7.3.7 building client environment for production...
#30 1.505 transforming...
#30 2.670 ✓ 29 modules transformed.
#30 2.771 rendering chunks...
#30 2.779 computing gzip size...
#30 2.786 dist/index.html                   0.36 kB │ gzip:  0.29 kB
#30 2.786 dist/assets/index-U9ymxnpO.css   12.94 kB │ gzip:  3.47 kB
#30 2.786 dist/assets/index-DF5S0Nc_.js   221.69 kB │ gzip: 69.98 kB
#30 2.786 ✓ built in 1.32s
#30 DONE 2.8s

#31 [stage-1 10/11] COPY --from=frontend /frontend/dist ./frontend/dist/
#31 DONE 0.0s

#32 [stage-1 11/11] RUN useradd --uid 10001 --create-home appuser     && mkdir -p /data/db /data/uploads /data/tmp /data/quarantine     && chown -R appuser:appuser /data
#32 DONE 0.3s

#33 exporting to image
#33 exporting layers 0.1s done
#33 exporting manifest sha256:761013a0291a6595ea5b2054265a97cb02bffaf8b7241ccc182d3f0454f233a5 0.0s done
#33 exporting config sha256:1388c2cf5f9512e139259e7272bd26f0b41fc78cdbabe3977266a554b4a23e0f done
#33 exporting attestation manifest sha256:26a141a6c8c5ce5a902655ddc3e6c6bd845676ceb532b43ed0442d3aea8ebff2 0.0s done
#33 exporting manifest list sha256:0eb0501d7a835ad92357e8b9121bc1eed9724bec265dc5f2c533fce2b7826b9f done
#33 naming to docker.io/library/knowledge-platform-app:latest done
#33 unpacking to docker.io/library/knowledge-platform-app:latest 0.1s done
#33 DONE 0.3s

#34 resolving provenance for metadata file
#34 DONE 0.0s
 Image knowledge-platform-app Built 
